// Jest Snapshot v1, https://goo.gl/fbAQLP

exports[`src/common/pagination Pass number 1`] = `ShallowWrapper {}`;

exports[`src/components/tableStarships load component 1`] = `ShallowWrapper {}`;
