// Jest Snapshot v1, https://goo.gl/fbAQLP

exports[`src/components/card load component 1`] = `ShallowWrapper {}`;
