// Jest Snapshot v1, https://goo.gl/fbAQLP

exports[`src/components/searchNavbar load component 1`] = `ShallowWrapper {}`;
